// Jest Snapshot v1, https://goo.gl/fbAQLP

exports[`Basic Ui should render 1`] = `
<form
  onSubmit={[Function]}
>
  <div
    className="form-group"
  >
    <label>
      Username *
    </label>
    <input
      className="form-control"
      data-testid="userName"
      name="userName"
      onChange={[Function]}
      placeholder="Enter Username"
      required={true}
      type="text"
      value=""
    />
  </div>
  <div
    className="form-group"
  >
    <label>
      Password *
    </label>
    <input
      className="form-control"
      data-testid="password"
      name="password"
      onChange={[Function]}
      placeholder="Enter Password"
      required={true}
      type="password"
      value=""
    />
  </div>
  <button
    className="btn btn-primary"
    data-testid="auth-submit"
    type="submit"
  >
    Submit
  </button>
</form>
`;
